28-Apr-2026 20:41:03.461 INFO [main] org.apache.catalina.startup.VersionLoggerListener.log Server version name:   Apache Tomcat/11.0.21
28-Apr-2026 20:41:03.463 INFO [main] org.apache.catalina.startup.VersionLoggerListener.log Server built:          Mar 30 2026 14:59:44 UTC
28-Apr-2026 20:41:03.463 INFO [main] org.apache.catalina.startup.VersionLoggerListener.log Server version number: 11.0.21.0
28-Apr-2026 20:41:03.463 INFO [main] org.apache.catalina.startup.VersionLoggerListener.log OS Name:               Mac OS X
28-Apr-2026 20:41:03.463 INFO [main] org.apache.catalina.startup.VersionLoggerListener.log OS Version:            15.6.1
28-Apr-2026 20:41:03.464 INFO [main] org.apache.catalina.startup.VersionLoggerListener.log Architecture:          aarch64
28-Apr-2026 20:41:03.464 INFO [main] org.apache.catalina.startup.VersionLoggerListener.log Java Home:             /Applications/Android Studio.app/Contents/jbr/Contents/Home
28-Apr-2026 20:41:03.464 INFO [main] org.apache.catalina.startup.VersionLoggerListener.log JVM Version:           17.0.6+0-17.0.6b802.4-9586694
28-Apr-2026 20:41:03.464 INFO [main] org.apache.catalina.startup.VersionLoggerListener.log JVM Vendor:            JetBrains s.r.o.
28-Apr-2026 20:41:03.464 INFO [main] org.apache.catalina.startup.VersionLoggerListener.log CATALINA_BASE:         /Users/chelae/Desktop/USC_Marketplace/Servers/catalina-base
28-Apr-2026 20:41:03.464 INFO [main] org.apache.catalina.startup.VersionLoggerListener.log CATALINA_HOME:         /opt/homebrew/Cellar/tomcat/11.0.21/libexec
28-Apr-2026 20:41:03.475 INFO [main] org.apache.catalina.startup.VersionLoggerListener.log Command line argument: -Djava.util.logging.config.file=/Users/chelae/Desktop/USC_Marketplace/Servers/catalina-base/conf/logging.properties
28-Apr-2026 20:41:03.475 INFO [main] org.apache.catalina.startup.VersionLoggerListener.log Command line argument: -Djava.util.logging.manager=org.apache.juli.ClassLoaderLogManager
28-Apr-2026 20:41:03.475 INFO [main] org.apache.catalina.startup.VersionLoggerListener.log Command line argument: -Djdk.tls.ephemeralDHKeySize=2048
28-Apr-2026 20:41:03.475 INFO [main] org.apache.catalina.startup.VersionLoggerListener.log Command line argument: -Dorg.apache.catalina.security.SecurityListener.UMASK=0027
28-Apr-2026 20:41:03.475 INFO [main] org.apache.catalina.startup.VersionLoggerListener.log Command line argument: --add-opens=java.base/java.lang=ALL-UNNAMED
28-Apr-2026 20:41:03.475 INFO [main] org.apache.catalina.startup.VersionLoggerListener.log Command line argument: --add-opens=java.base/java.lang.reflect=ALL-UNNAMED
28-Apr-2026 20:41:03.475 INFO [main] org.apache.catalina.startup.VersionLoggerListener.log Command line argument: --add-opens=java.base/java.io=ALL-UNNAMED
28-Apr-2026 20:41:03.475 INFO [main] org.apache.catalina.startup.VersionLoggerListener.log Command line argument: --add-opens=java.base/java.util=ALL-UNNAMED
28-Apr-2026 20:41:03.475 INFO [main] org.apache.catalina.startup.VersionLoggerListener.log Command line argument: --add-opens=java.base/java.util.concurrent=ALL-UNNAMED
28-Apr-2026 20:41:03.475 INFO [main] org.apache.catalina.startup.VersionLoggerListener.log Command line argument: --add-opens=java.rmi/sun.rmi.transport=ALL-UNNAMED
28-Apr-2026 20:41:03.475 INFO [main] org.apache.catalina.startup.VersionLoggerListener.log Command line argument: --enable-native-access=ALL-UNNAMED
28-Apr-2026 20:41:03.475 INFO [main] org.apache.catalina.startup.VersionLoggerListener.log Command line argument: -Dcatalina.base=/Users/chelae/Desktop/USC_Marketplace/Servers/catalina-base
28-Apr-2026 20:41:03.475 INFO [main] org.apache.catalina.startup.VersionLoggerListener.log Command line argument: -Dcatalina.home=/opt/homebrew/Cellar/tomcat/11.0.21/libexec
28-Apr-2026 20:41:03.475 INFO [main] org.apache.catalina.startup.VersionLoggerListener.log Command line argument: -Djava.io.tmpdir=/Users/chelae/Desktop/USC_Marketplace/Servers/catalina-base/temp
28-Apr-2026 20:41:03.481 INFO [main] org.apache.catalina.core.AprLifecycleListener.lifecycleEvent The Apache Tomcat Native library which allows using OpenSSL was not found on the java.library.path: [/Users/chelae/Library/Java/Extensions:/Library/Java/Extensions:/Network/Library/Java/Extensions:/System/Library/Java/Extensions:/usr/lib/java:.]
28-Apr-2026 20:41:03.571 INFO [main] org.apache.coyote.AbstractProtocol.init Initializing ProtocolHandler ["http-nio-8080"]
28-Apr-2026 20:41:03.588 INFO [main] org.apache.catalina.startup.Catalina.load Server initialization in [199] milliseconds
28-Apr-2026 20:41:03.601 INFO [main] org.apache.catalina.core.StandardService.startInternal Starting service [Catalina]
28-Apr-2026 20:41:03.602 INFO [main] org.apache.catalina.core.StandardEngine.startInternal Starting Servlet engine: [Apache Tomcat/11.0.21]
28-Apr-2026 20:41:03.604 INFO [main] org.apache.catalina.startup.HostConfig.deployDirectory Deploying web application directory [/Users/chelae/Desktop/USC_Marketplace/Servers/catalina-base/webapps/Marketplace]
28-Apr-2026 20:41:03.790 INFO [main] org.apache.jasper.servlet.TldScanner.scanJars At least one JAR was scanned for TLDs yet contained no TLDs. Enable debug logging for this logger for a complete list of JARs that were scanned but no TLDs were found in them. Skipping unneeded JARs during scanning can improve startup time and JSP compilation time.
28-Apr-2026 20:41:03.801 INFO [main] org.apache.catalina.startup.HostConfig.deployDirectory Deployment of web application directory [/Users/chelae/Desktop/USC_Marketplace/Servers/catalina-base/webapps/Marketplace] has finished in [197] ms
28-Apr-2026 20:41:03.801 INFO [main] org.apache.catalina.startup.HostConfig.deployDirectory Deploying web application directory [/Users/chelae/Desktop/USC_Marketplace/Servers/catalina-base/webapps/ROOT]
28-Apr-2026 20:41:03.809 INFO [main] org.apache.catalina.startup.HostConfig.deployDirectory Deployment of web application directory [/Users/chelae/Desktop/USC_Marketplace/Servers/catalina-base/webapps/ROOT] has finished in [7] ms
28-Apr-2026 20:41:03.810 INFO [main] org.apache.coyote.AbstractProtocol.start Starting ProtocolHandler ["http-nio-8080"]
28-Apr-2026 20:41:03.815 INFO [main] org.apache.catalina.startup.Catalina.start Server startup in [227] milliseconds
28-Apr-2026 20:41:03.820 SEVERE [main] org.apache.catalina.core.StandardServer.await Failed to create server shutdown socket on address [localhost] and port [8005] (base port [8005] and offset [0])
	java.net.SocketException: Operation not permitted
		at java.base/sun.nio.ch.Net.bind0(Native Method)
		at java.base/sun.nio.ch.Net.bind(Unknown Source)
		at java.base/sun.nio.ch.Net.bind(Unknown Source)
		at java.base/sun.nio.ch.NioSocketImpl.bind(Unknown Source)
		at java.base/java.net.ServerSocket.bind(Unknown Source)
		at java.base/java.net.ServerSocket.<init>(Unknown Source)
		at org.apache.catalina.core.StandardServer.await(StandardServer.java:530)
		at org.apache.catalina.startup.Catalina.await(Catalina.java:846)
		at org.apache.catalina.startup.Catalina.start(Catalina.java:794)
		at java.base/jdk.internal.reflect.NativeMethodAccessorImpl.invoke0(Native Method)
		at java.base/jdk.internal.reflect.NativeMethodAccessorImpl.invoke(Unknown Source)
		at java.base/jdk.internal.reflect.DelegatingMethodAccessorImpl.invoke(Unknown Source)
		at java.base/java.lang.reflect.Method.invoke(Unknown Source)
		at org.apache.catalina.startup.Bootstrap.start(Bootstrap.java:339)
		at org.apache.catalina.startup.Bootstrap.main(Bootstrap.java:470)
28-Apr-2026 20:41:03.820 INFO [main] org.apache.coyote.AbstractProtocol.pause Pausing ProtocolHandler ["http-nio-8080"]
28-Apr-2026 20:41:03.820 INFO [main] org.apache.catalina.core.StandardService.stopInternal Stopping service [Catalina]
28-Apr-2026 20:41:03.827 INFO [main] org.apache.coyote.AbstractProtocol.stop Stopping ProtocolHandler ["http-nio-8080"]
28-Apr-2026 20:41:04.432 WARNING [main] org.apache.tomcat.util.net.Acceptor.stopMillis The acceptor thread [http-nio-8080-Acceptor] did not stop cleanly
28-Apr-2026 20:41:04.438 INFO [main] org.apache.coyote.AbstractProtocol.destroy Destroying ProtocolHandler ["http-nio-8080"]
28-Apr-2026 20:41:37.069 INFO [main] org.apache.catalina.startup.VersionLoggerListener.log Server version name:   Apache Tomcat/11.0.21
28-Apr-2026 20:41:37.071 INFO [main] org.apache.catalina.startup.VersionLoggerListener.log Server built:          Mar 30 2026 14:59:44 UTC
28-Apr-2026 20:41:37.071 INFO [main] org.apache.catalina.startup.VersionLoggerListener.log Server version number: 11.0.21.0
28-Apr-2026 20:41:37.071 INFO [main] org.apache.catalina.startup.VersionLoggerListener.log OS Name:               Mac OS X
28-Apr-2026 20:41:37.071 INFO [main] org.apache.catalina.startup.VersionLoggerListener.log OS Version:            15.6.1
28-Apr-2026 20:41:37.071 INFO [main] org.apache.catalina.startup.VersionLoggerListener.log Architecture:          aarch64
28-Apr-2026 20:41:37.072 INFO [main] org.apache.catalina.startup.VersionLoggerListener.log Java Home:             /Applications/Android Studio.app/Contents/jbr/Contents/Home
28-Apr-2026 20:41:37.072 INFO [main] org.apache.catalina.startup.VersionLoggerListener.log JVM Version:           17.0.6+0-17.0.6b802.4-9586694
28-Apr-2026 20:41:37.072 INFO [main] org.apache.catalina.startup.VersionLoggerListener.log JVM Vendor:            JetBrains s.r.o.
28-Apr-2026 20:41:37.072 INFO [main] org.apache.catalina.startup.VersionLoggerListener.log CATALINA_BASE:         /Users/chelae/Desktop/USC_Marketplace/Servers/catalina-base
28-Apr-2026 20:41:37.072 INFO [main] org.apache.catalina.startup.VersionLoggerListener.log CATALINA_HOME:         /opt/homebrew/Cellar/tomcat/11.0.21/libexec
28-Apr-2026 20:41:37.079 INFO [main] org.apache.catalina.startup.VersionLoggerListener.log Command line argument: -Djava.util.logging.config.file=/Users/chelae/Desktop/USC_Marketplace/Servers/catalina-base/conf/logging.properties
28-Apr-2026 20:41:37.080 INFO [main] org.apache.catalina.startup.VersionLoggerListener.log Command line argument: -Djava.util.logging.manager=org.apache.juli.ClassLoaderLogManager
28-Apr-2026 20:41:37.080 INFO [main] org.apache.catalina.startup.VersionLoggerListener.log Command line argument: -Djdk.tls.ephemeralDHKeySize=2048
28-Apr-2026 20:41:37.080 INFO [main] org.apache.catalina.startup.VersionLoggerListener.log Command line argument: -Dorg.apache.catalina.security.SecurityListener.UMASK=0027
28-Apr-2026 20:41:37.080 INFO [main] org.apache.catalina.startup.VersionLoggerListener.log Command line argument: --add-opens=java.base/java.lang=ALL-UNNAMED
28-Apr-2026 20:41:37.080 INFO [main] org.apache.catalina.startup.VersionLoggerListener.log Command line argument: --add-opens=java.base/java.lang.reflect=ALL-UNNAMED
28-Apr-2026 20:41:37.080 INFO [main] org.apache.catalina.startup.VersionLoggerListener.log Command line argument: --add-opens=java.base/java.io=ALL-UNNAMED
28-Apr-2026 20:41:37.080 INFO [main] org.apache.catalina.startup.VersionLoggerListener.log Command line argument: --add-opens=java.base/java.util=ALL-UNNAMED
28-Apr-2026 20:41:37.080 INFO [main] org.apache.catalina.startup.VersionLoggerListener.log Command line argument: --add-opens=java.base/java.util.concurrent=ALL-UNNAMED
28-Apr-2026 20:41:37.080 INFO [main] org.apache.catalina.startup.VersionLoggerListener.log Command line argument: --add-opens=java.rmi/sun.rmi.transport=ALL-UNNAMED
28-Apr-2026 20:41:37.080 INFO [main] org.apache.catalina.startup.VersionLoggerListener.log Command line argument: --enable-native-access=ALL-UNNAMED
28-Apr-2026 20:41:37.080 INFO [main] org.apache.catalina.startup.VersionLoggerListener.log Command line argument: -Dcatalina.base=/Users/chelae/Desktop/USC_Marketplace/Servers/catalina-base
28-Apr-2026 20:41:37.080 INFO [main] org.apache.catalina.startup.VersionLoggerListener.log Command line argument: -Dcatalina.home=/opt/homebrew/Cellar/tomcat/11.0.21/libexec
28-Apr-2026 20:41:37.080 INFO [main] org.apache.catalina.startup.VersionLoggerListener.log Command line argument: -Djava.io.tmpdir=/Users/chelae/Desktop/USC_Marketplace/Servers/catalina-base/temp
28-Apr-2026 20:41:37.084 INFO [main] org.apache.catalina.core.AprLifecycleListener.lifecycleEvent The Apache Tomcat Native library which allows using OpenSSL was not found on the java.library.path: [/Users/chelae/Library/Java/Extensions:/Library/Java/Extensions:/Network/Library/Java/Extensions:/System/Library/Java/Extensions:/usr/lib/java:.]
28-Apr-2026 20:41:37.176 INFO [main] org.apache.coyote.AbstractProtocol.init Initializing ProtocolHandler ["http-nio-8080"]
28-Apr-2026 20:41:37.189 INFO [main] org.apache.catalina.startup.Catalina.load Server initialization in [189] milliseconds
28-Apr-2026 20:41:37.202 INFO [main] org.apache.catalina.core.StandardService.startInternal Starting service [Catalina]
28-Apr-2026 20:41:37.202 INFO [main] org.apache.catalina.core.StandardEngine.startInternal Starting Servlet engine: [Apache Tomcat/11.0.21]
28-Apr-2026 20:41:37.204 INFO [main] org.apache.catalina.startup.HostConfig.deployDirectory Deploying web application directory [/Users/chelae/Desktop/USC_Marketplace/Servers/catalina-base/webapps/Marketplace]
28-Apr-2026 20:41:37.382 INFO [main] org.apache.jasper.servlet.TldScanner.scanJars At least one JAR was scanned for TLDs yet contained no TLDs. Enable debug logging for this logger for a complete list of JARs that were scanned but no TLDs were found in them. Skipping unneeded JARs during scanning can improve startup time and JSP compilation time.
28-Apr-2026 20:41:37.395 INFO [main] org.apache.catalina.startup.HostConfig.deployDirectory Deployment of web application directory [/Users/chelae/Desktop/USC_Marketplace/Servers/catalina-base/webapps/Marketplace] has finished in [191] ms
28-Apr-2026 20:41:37.395 INFO [main] org.apache.catalina.startup.HostConfig.deployDirectory Deploying web application directory [/Users/chelae/Desktop/USC_Marketplace/Servers/catalina-base/webapps/ROOT]
28-Apr-2026 20:41:37.402 INFO [main] org.apache.catalina.startup.HostConfig.deployDirectory Deployment of web application directory [/Users/chelae/Desktop/USC_Marketplace/Servers/catalina-base/webapps/ROOT] has finished in [7] ms
28-Apr-2026 20:41:37.403 INFO [main] org.apache.coyote.AbstractProtocol.start Starting ProtocolHandler ["http-nio-8080"]
28-Apr-2026 20:41:37.408 INFO [main] org.apache.catalina.startup.Catalina.start Server startup in [219] milliseconds
28-Apr-2026 20:41:56.438 INFO [http-nio-8080-exec-4] org.apache.tomcat.util.http.parser.Cookie.logInvalidHeader A cookie header was received [g_state={"i_l":0,"i_ll":1770768122165,"i_e":{"enable_itp_optimization":13}}] that contained an invalid cookie. That cookie will be ignored.
 Note: further occurrences of this error will be logged at DEBUG level.
28-Apr-2026 20:48:05.032 INFO [main] org.apache.catalina.core.StandardServer.await A valid shutdown command was received via the shutdown port. Stopping the Server instance.
28-Apr-2026 20:48:05.033 INFO [main] org.apache.coyote.AbstractProtocol.pause Pausing ProtocolHandler ["http-nio-8080"]
28-Apr-2026 20:48:05.036 INFO [main] org.apache.catalina.core.StandardService.stopInternal Stopping service [Catalina]
28-Apr-2026 20:48:05.046 WARNING [main] org.apache.catalina.loader.WebappClassLoaderBase.clearReferencesJdbc The web application [Marketplace] registered the JDBC driver [com.mysql.cj.jdbc.Driver] but failed to unregister it when the web application was stopped. To prevent a memory leak, the JDBC Driver has been forcibly unregistered.
28-Apr-2026 20:48:05.047 WARNING [main] org.apache.catalina.loader.WebappClassLoaderBase.clearReferencesThreads The web application [Marketplace] appears to have started a thread named [mysql-cj-abandoned-connection-cleanup] but has failed to stop it. This is very likely to create a memory leak. Stack trace of thread:
 java.base@17.0.6/java.lang.Object.wait(Native Method)
 java.base@17.0.6/java.lang.ref.ReferenceQueue.remove(Unknown Source)
 com.mysql.cj.jdbc.AbandonedConnectionCleanupThread.run(AbandonedConnectionCleanupThread.java:84)
 java.base@17.0.6/java.util.concurrent.ThreadPoolExecutor.runWorker(Unknown Source)
 java.base@17.0.6/java.util.concurrent.ThreadPoolExecutor$Worker.run(Unknown Source)
 java.base@17.0.6/java.lang.Thread.run(Unknown Source)
28-Apr-2026 20:48:05.047 INFO [main] org.apache.coyote.AbstractProtocol.stop Stopping ProtocolHandler ["http-nio-8080"]
28-Apr-2026 20:48:05.061 INFO [main] org.apache.coyote.AbstractProtocol.destroy Destroying ProtocolHandler ["http-nio-8080"]
28-Apr-2026 20:48:07.858 INFO [main] org.apache.catalina.startup.VersionLoggerListener.log Server version name:   Apache Tomcat/11.0.21
28-Apr-2026 20:48:07.859 INFO [main] org.apache.catalina.startup.VersionLoggerListener.log Server built:          Mar 30 2026 14:59:44 UTC
28-Apr-2026 20:48:07.859 INFO [main] org.apache.catalina.startup.VersionLoggerListener.log Server version number: 11.0.21.0
28-Apr-2026 20:48:07.859 INFO [main] org.apache.catalina.startup.VersionLoggerListener.log OS Name:               Mac OS X
28-Apr-2026 20:48:07.859 INFO [main] org.apache.catalina.startup.VersionLoggerListener.log OS Version:            15.6.1
28-Apr-2026 20:48:07.859 INFO [main] org.apache.catalina.startup.VersionLoggerListener.log Architecture:          aarch64
28-Apr-2026 20:48:07.859 INFO [main] org.apache.catalina.startup.VersionLoggerListener.log Java Home:             /Applications/Android Studio.app/Contents/jbr/Contents/Home
28-Apr-2026 20:48:07.859 INFO [main] org.apache.catalina.startup.VersionLoggerListener.log JVM Version:           17.0.6+0-17.0.6b802.4-9586694
28-Apr-2026 20:48:07.859 INFO [main] org.apache.catalina.startup.VersionLoggerListener.log JVM Vendor:            JetBrains s.r.o.
28-Apr-2026 20:48:07.860 INFO [main] org.apache.catalina.startup.VersionLoggerListener.log CATALINA_BASE:         /Users/chelae/Desktop/USC_Marketplace/Servers/catalina-base
28-Apr-2026 20:48:07.860 INFO [main] org.apache.catalina.startup.VersionLoggerListener.log CATALINA_HOME:         /opt/homebrew/Cellar/tomcat/11.0.21/libexec
28-Apr-2026 20:48:07.865 INFO [main] org.apache.catalina.startup.VersionLoggerListener.log Command line argument: -Djava.util.logging.config.file=/Users/chelae/Desktop/USC_Marketplace/Servers/catalina-base/conf/logging.properties
28-Apr-2026 20:48:07.865 INFO [main] org.apache.catalina.startup.VersionLoggerListener.log Command line argument: -Djava.util.logging.manager=org.apache.juli.ClassLoaderLogManager
28-Apr-2026 20:48:07.865 INFO [main] org.apache.catalina.startup.VersionLoggerListener.log Command line argument: -Djdk.tls.ephemeralDHKeySize=2048
28-Apr-2026 20:48:07.865 INFO [main] org.apache.catalina.startup.VersionLoggerListener.log Command line argument: -Dorg.apache.catalina.security.SecurityListener.UMASK=0027
28-Apr-2026 20:48:07.865 INFO [main] org.apache.catalina.startup.VersionLoggerListener.log Command line argument: --add-opens=java.base/java.lang=ALL-UNNAMED
28-Apr-2026 20:48:07.865 INFO [main] org.apache.catalina.startup.VersionLoggerListener.log Command line argument: --add-opens=java.base/java.lang.reflect=ALL-UNNAMED
28-Apr-2026 20:48:07.865 INFO [main] org.apache.catalina.startup.VersionLoggerListener.log Command line argument: --add-opens=java.base/java.io=ALL-UNNAMED
28-Apr-2026 20:48:07.865 INFO [main] org.apache.catalina.startup.VersionLoggerListener.log Command line argument: --add-opens=java.base/java.util=ALL-UNNAMED
28-Apr-2026 20:48:07.865 INFO [main] org.apache.catalina.startup.VersionLoggerListener.log Command line argument: --add-opens=java.base/java.util.concurrent=ALL-UNNAMED
28-Apr-2026 20:48:07.865 INFO [main] org.apache.catalina.startup.VersionLoggerListener.log Command line argument: --add-opens=java.rmi/sun.rmi.transport=ALL-UNNAMED
28-Apr-2026 20:48:07.865 INFO [main] org.apache.catalina.startup.VersionLoggerListener.log Command line argument: --enable-native-access=ALL-UNNAMED
28-Apr-2026 20:48:07.865 INFO [main] org.apache.catalina.startup.VersionLoggerListener.log Command line argument: -Dcatalina.base=/Users/chelae/Desktop/USC_Marketplace/Servers/catalina-base
28-Apr-2026 20:48:07.865 INFO [main] org.apache.catalina.startup.VersionLoggerListener.log Command line argument: -Dcatalina.home=/opt/homebrew/Cellar/tomcat/11.0.21/libexec
28-Apr-2026 20:48:07.865 INFO [main] org.apache.catalina.startup.VersionLoggerListener.log Command line argument: -Djava.io.tmpdir=/Users/chelae/Desktop/USC_Marketplace/Servers/catalina-base/temp
28-Apr-2026 20:48:07.871 INFO [main] org.apache.catalina.core.AprLifecycleListener.lifecycleEvent The Apache Tomcat Native library which allows using OpenSSL was not found on the java.library.path: [/Users/chelae/Library/Java/Extensions:/Library/Java/Extensions:/Network/Library/Java/Extensions:/System/Library/Java/Extensions:/usr/lib/java:.]
28-Apr-2026 20:48:07.962 INFO [main] org.apache.coyote.AbstractProtocol.init Initializing ProtocolHandler ["http-nio-8080"]
28-Apr-2026 20:48:07.975 INFO [main] org.apache.catalina.startup.Catalina.load Server initialization in [210] milliseconds
28-Apr-2026 20:48:07.987 INFO [main] org.apache.catalina.core.StandardService.startInternal Starting service [Catalina]
28-Apr-2026 20:48:07.987 INFO [main] org.apache.catalina.core.StandardEngine.startInternal Starting Servlet engine: [Apache Tomcat/11.0.21]
28-Apr-2026 20:48:07.990 INFO [main] org.apache.catalina.startup.HostConfig.deployDirectory Deploying web application directory [/Users/chelae/Desktop/USC_Marketplace/Servers/catalina-base/webapps/Marketplace]
28-Apr-2026 20:48:08.154 INFO [main] org.apache.jasper.servlet.TldScanner.scanJars At least one JAR was scanned for TLDs yet contained no TLDs. Enable debug logging for this logger for a complete list of JARs that were scanned but no TLDs were found in them. Skipping unneeded JARs during scanning can improve startup time and JSP compilation time.
28-Apr-2026 20:48:08.167 INFO [main] org.apache.catalina.startup.HostConfig.deployDirectory Deployment of web application directory [/Users/chelae/Desktop/USC_Marketplace/Servers/catalina-base/webapps/Marketplace] has finished in [177] ms
28-Apr-2026 20:48:08.167 INFO [main] org.apache.catalina.startup.HostConfig.deployDirectory Deploying web application directory [/Users/chelae/Desktop/USC_Marketplace/Servers/catalina-base/webapps/ROOT]
28-Apr-2026 20:48:08.174 INFO [main] org.apache.catalina.startup.HostConfig.deployDirectory Deployment of web application directory [/Users/chelae/Desktop/USC_Marketplace/Servers/catalina-base/webapps/ROOT] has finished in [7] ms
28-Apr-2026 20:48:08.175 INFO [main] org.apache.coyote.AbstractProtocol.start Starting ProtocolHandler ["http-nio-8080"]
28-Apr-2026 20:48:08.180 INFO [main] org.apache.catalina.startup.Catalina.start Server startup in [205] milliseconds
28-Apr-2026 20:48:35.489 INFO [http-nio-8080-exec-1] org.apache.tomcat.util.http.parser.Cookie.logInvalidHeader A cookie header was received [g_state={"i_l":0,"i_ll":1770768122165,"i_e":{"enable_itp_optimization":13}}] that contained an invalid cookie. That cookie will be ignored.
 Note: further occurrences of this error will be logged at DEBUG level.
